[
  {
    "name": "TEST_1",
    "owner": "TEST_1"
  },
  {
    "name": "TEST_2",
    "owner": "TEST_2"
  }
]